// Jest Snapshot v1, https://goo.gl/fbAQLP

exports[`HeroDetail should match with hero ID 1`] = `null`;
