// Jest Snapshot v1, https://goo.gl/fbAQLP

exports[`Header snapshot should match 1`] = `
<p>
  HeroDashboard works!
</p>
`;

exports[`HeroDashboard snapshot should match 1`] = `
<p>
  HeroDashboard works!
</p>
`;

exports[`HeroSnapshot snapshot should match 1`] = `
<p>
  HeroDashboard works!
</p>
`;
