// Jest Snapshot v1, https://goo.gl/fbAQLP

exports[`App snapshot should match 1`] = `
<main
  className="main-container"
>
  <div>
    <h1>
      Tour of Heroes
    </h1>
  </div>
  <nav>
    <a
      aria-current="page"
      className="my-active-class"
      href="/"
      onClick={[Function]}
      style={Object {}}
    >
      Dashboard
    </a>
     
     | 
    <a
      aria-current={null}
      href="/hero"
      onClick={[Function]}
    >
      Heroes
    </a>
     
     | 
    <a
      aria-current={null}
      href="/login"
      onClick={[Function]}
    >
      Login
    </a>
     
     | 
    <a
      aria-current={null}
      href="/heroes"
      onClick={[Function]}
    >
      Heroes
    </a>
  </nav>
  <div>
    <h1>
      Top Heroes
    </h1>
  </div>
  <div
    className="dashboard-item-container"
  />
</main>
`;
