// Jest Snapshot v1, https://goo.gl/fbAQLP

exports[`Themes snapshot should match 1`] = `
<div
  className="theme-container"
>
  <h4>
    Sports
  </h4>
</div>
`;
